[index-2.html]
[xmlrpc.php]
[backblue.gif]
[fade.gif]
[index.html]
[wp-content/uploads/useanyfont/uafeee3.css]
[wp-content/themes/Divi/includes/builder/styles/images/preloader.gif]
[wp-content/themes/Divi/core/admin/fonts/modules/social/modules.eot]
[feed/index.html]
[comments/feed/index.html]
[wp-content/et-cache/187/et-divi-dynamic-tb-193-tb-43-1873a1d.css]
[wp-json/wp/v2/pages/187.json]
[xmlrpc0db0.php]
[wp-json/index.html]
[wp-json/oembed/1.0/embed65f6.json]
[wp-json/oembed/1.0/embed7b5b]
[wp-content/uploads/2024/10/pexels-marek-piwnicki-3907296-10050570-1.png]
[wp-content/et-cache/187/et-core-unified-187.min3a1d.css]
[wp-content/et-cache/187/et-core-unified-tb-193-tb-43-deferred-187.min3a1d.css]
[wp-content/uploads/2024/10/Logo.png]
[wp-content/uploads/2024/10/Group-664.png]
[wp-content/uploads/2024/10/Group-665.png]
[inventnation/index.html]
[influencer-power/index.html]
[pioneering-ai-revolution/index.html]
[mergers-acquisitions/index.html]
[press-media/index.html]
[wp-content/uploads/2024/10/section-image-1.png]
[wp-content/uploads/2024/10/grafik-1.png]
[wp-content/uploads/2024/10/Group-666-1.png]
[wp-content/uploads/2024/10/Client-logos-2.png]
[wp-content/uploads/2024/10/Client-logos-1.png]
[wp-content/uploads/2024/10/Client-logos-3.png]
[wp-content/uploads/2024/10/Client-logos-4.png]
[wp-content/uploads/2024/10/Client-logos-8.png]
[wp-content/uploads/2024/10/Client-logos-5.png]
[wp-content/uploads/2024/10/Client-logos-6.png]
[wp-content/uploads/2024/10/Client-logos-7.png]
[wp-content/uploads/2024/10/vertical-lgoo.png]
[wp-content/uploads/2024/10/Website.png]
[wp-content/uploads/2024/10/Email.png]
[wp-includes/js/jquery/jquery.minf43b.js]
[wp-includes/js/jquery/jquery-migrate.min5589.js]
[wp-content/themes/Divi/js/scripts.min7b89.js]
[wp-content/themes/Divi/includes/builder/feature/dynamic-assets/assets/js/jquery.fitvids7b89.js]
[wp-content/themes/Divi/includes/builder/feature/dynamic-assets/assets/js/magnific-popup7b89.js]
[wp-content/themes/Divi/includes/builder/feature/dynamic-assets/assets/js/salvattore7b89.js]
[wp-content/themes/Divi/core/admin/js/common7b89.js]
[index-2.html]
[xmlrpc.html]
[wp-content/uploads/useanyfont/2323satoshi.woff2]
[wp-content/uploads/useanyfont/2323satoshi.woff]
[wp-content/uploads/useanyfont/uafeee3.css]
[wp-content/et-cache/187/et-divi-dynamic-tb-193-tb-43-1873a1d.css]
[xmlrpc0db0.html]
[wp-content/et-cache/187/et-core-unified-187.min3a1d.css]
[wp-content/et-cache/187/et-core-unified-tb-193-tb-43-deferred-187.min3a1d.css]
[wp-content/themes/Divi/core/admin/fonts/modules/all/modules.eot]
[wp-content/themes/Divi/core/admin/fonts/fontawesome/fa-regular-400.eot]
[wp-content/et-cache/132/et-divi-dynamic-tb-193-tb-43-1324e3f.css]
[wp-json/wp/v2/pages/132.json]
[wp-json/oembed/1.0/embedaf9e.json]
[wp-json/oembed/1.0/embed225c]
[wp-content/et-cache/132/et-core-unified-132.min4e3f.css]
[wp-content/uploads/2024/10/Group-663.png]
[wp-content/uploads/2024/10/kickstarter.png]
[wp-content/uploads/2024/10/hacksmith.png]
[wp-content/uploads/2024/10/grafik-2.png]
[wp-content/uploads/2024/10/Inventnation-1.png]
[wp-content/uploads/2024/10/9dfb494f082c73dfea8b9dce9950aa31-removebg-preview.png]
[wp-content/uploads/2024/10/Group-666.png]
[wp-content/uploads/2024/10/Step-1-Express-Your-Interest.png]
[wp-content/uploads/2024/10/Step-2-Application-Phase-Coming-Soon.png]
[wp-content/uploads/2024/10/Step-3-Community-Voting-Expert-Selection.png]
[wp-content/uploads/2024/10/Step-4-Prototype-Development-Mentorship.png]
[wp-content/uploads/2024/10/Step-5-The-Grand-Finale.png]
[wp-content/uploads/2024/10/Inventnation-3.png]
[inventnation/index.html]
[wp-content/et-cache/81/et-divi-dynamic-tb-193-tb-43-819317.css]
[wp-json/wp/v2/pages/81.json]
[wp-json/oembed/1.0/embed0481.json]
[wp-json/oembed/1.0/embed390b]
[wp-content/et-cache/81/et-core-unified-81.min0d2c.css]
[press-media/index.html]
[wp-content/et-cache/112/et-divi-dynamic-tb-193-tb-43-112f06a.css]
[wp-json/wp/v2/pages/112.json]
[wp-json/oembed/1.0/embeda770.json]
[wp-json/oembed/1.0/embedea26]
[wp-content/et-cache/112/et-core-unified-112.minf06a.css]
[wp-content/et-cache/112/et-core-unified-tb-193-tb-43-deferred-112.minf06a.css]
[wp-content/uploads/2024/10/Influencer-Power-page-1-image.png]
[influencer-power/index.html]
[wp-content/et-cache/99/et-divi-dynamic-tb-193-tb-43-99a50a.css]
[wp-json/wp/v2/pages/99.json]
[wp-json/oembed/1.0/embed8bf4.json]
[wp-json/oembed/1.0/embed3ddd]
[wp-content/et-cache/99/et-core-unified-99.mina50a.css]
[mergers-acquisitions/index.html]
[wp-content/et-cache/214/et-divi-dynamic-tb-193-tb-43-21482eb.css]
[wp-json/wp/v2/pages/214.json]
[wp-json/oembed/1.0/embedc3f9.json]
[wp-json/oembed/1.0/embed7b9a]
[wp-content/et-cache/214/et-core-unified-214.min82eb.css]
[wp-content/et-cache/214/et-core-unified-tb-193-tb-43-deferred-214.min82eb.css]
[wp-content/uploads/2024/10/Pioneering-the-AI-Revolution-on-Instagram-1.png]
[pioneering-ai-revolution/index.html]
[wp-content/et-cache/132/et-divi-dynamic-tb-193-tb-43-1324e3f.css]
[index31a3.html]
[wp-content/et-cache/132/et-core-unified-132.min4e3f.css]
[wp-content/et-cache/81/et-divi-dynamic-tb-193-tb-43-819317.css]
[index44d0.html]
[wp-content/et-cache/81/et-core-unified-81.min0d2c.css]
[wp-content/et-cache/112/et-divi-dynamic-tb-193-tb-43-112f06a.css]
[index8820.html]
[wp-content/et-cache/112/et-core-unified-112.minf06a.css]
[wp-content/et-cache/112/et-core-unified-tb-193-tb-43-deferred-112.minf06a.css]
[wp-content/et-cache/99/et-divi-dynamic-tb-193-tb-43-99a50a.css]
[index5401.html]
[wp-content/et-cache/99/et-core-unified-99.mina50a.css]
[wp-content/et-cache/214/et-divi-dynamic-tb-193-tb-43-21482eb.css]
[indexba1b.html]
[wp-content/et-cache/214/et-core-unified-214.min82eb.css]
[wp-content/et-cache/214/et-core-unified-tb-193-tb-43-deferred-214.min82eb.css]
